Component: ARM Compiler 5.06 update 1 (build 61) Tool: armlink [4d35a8]

==============================================================================

Section Cross References

    composer.o(.text) refers to stm32f10x_rcc.o(.text) for RCC_APB2PeriphClockCmd
    composer.o(.text) refers to stm32f10x_gpio.o(.text) for GPIO_Init
    composer.o(.text) refers to stm32f10x_dac.o(.text) for DAC_Init
    composer.o(.text) refers to misc.o(.text) for NVIC_PriorityGroupConfig
    composer.o(.text) refers to stm32f10x_dma.o(.text) for DMA_Init
    composer.o(.text) refers to stm32f10x_tim.o(.text) for TIM_TimeBaseInit
    composer.o(.text) refers to dfltui.o(.text) for __aeabi_ui2d
    composer.o(.text) refers to dflti.o(.text) for __aeabi_i2d
    composer.o(.text) refers to dmul.o(.text) for __aeabi_dmul
    composer.o(.text) refers to ddiv.o(.text) for __aeabi_ddiv
    composer.o(.text) refers to sin.o(i.sin) for sin
    composer.o(.text) refers to dfixi.o(.text) for __aeabi_d2iz
    composer.o(.text) refers to dscalb.o(.text) for __ARM_scalbn
    composer.o(.text) refers to dadd.o(.text) for __aeabi_dadd
    composer.o(.text) refers to memseta.o(.text) for __aeabi_memclr
    composer.o(.text) refers to composer.o(.bss) for .bss
    composer.o(.text) refers to composer.o(.data) for .data
    composer.o(.text) refers to composer.o(.constdata) for .constdata
    delay.o(.text) refers to systick.o(.text) for GetSysTick
    delay.o(.text) refers to delay.o(.data) for .data
    lcd.o(.text) refers to stm32f10x_spi.o(.text) for SPI_I2S_GetFlagStatus
    lcd.o(.text) refers to stm32f10x_rcc.o(.text) for RCC_APB2PeriphClockCmd
    lcd.o(.text) refers to stm32f10x_gpio.o(.text) for GPIO_Init
    lcd.o(.text) refers to delay.o(.text) for Delay
    lcd.o(.text) refers to lcd.o(.constdata) for .constdata
    main.o(.text) refers to system_stm32f10x.o(.text) for SystemInit
    main.o(.text) refers to systick.o(.text) for SysTickInit
    main.o(.text) refers to lcd.o(.text) for LCDInit
    main.o(.text) refers to composer.o(.text) for InitComposer
    main.o(.text) refers to keyscan.o(.text) for KeyScanInit
    main.o(.text) refers to specialkeyscan.o(.text) for SpecialKeyScanInit
    main.o(.text) refers to delay.o(.text) for Delay
    main.o(.text) refers to keydisp.o(.text) for SetAllKeyDispDisable
    main.o(.text) refers to voldisp.o(.text) for VolDisp
    main.o(.text) refers to auto.o(.text) for DispSongList
    main.o(.text) refers to wavesel.o(.text) for WaveSel
    scriptphase.o(.text) refers to composer.o(.text) for SetTuneEnable
    scriptphase.o(.text) refers to keydisp.o(.text) for SetKeyDisp
    scriptphase.o(.text) refers to scriptphase.o(.data) for .data
    scriptphase.o(.text) refers to scriptphase.o(.bss) for .bss
    stm32f10x_it.o(.text) refers to systick.o(.text) for SysTickIncreasement
    stm32f10x_it.o(.text) refers to stm32f10x_dma.o(.text) for DMA_GetITStatus
    stm32f10x_it.o(.text) refers to composer.o(.text) for ConmosePart
    systick.o(.text) refers to systick.o(.data) for .data
    specialkeyscan.o(.text) refers to stm32f10x_rcc.o(.text) for RCC_APB2PeriphClockCmd
    specialkeyscan.o(.text) refers to stm32f10x_gpio.o(.text) for GPIO_Init
    specialkeyscan.o(.text) refers to stm32f10x_tim.o(.text) for TIM_TimeBaseInit
    keyscan.o(.text) refers to stm32f10x_rcc.o(.text) for RCC_APB2PeriphClockCmd
    keyscan.o(.text) refers to stm32f10x_gpio.o(.text) for GPIO_Init
    keyscan.o(.text) refers to memseta.o(.text) for __aeabi_memclr
    keyscan.o(.text) refers to keyscan.o(.bss) for .bss
    keydisp.o(.text) refers to lcd.o(.text) for LCDDrawText
    keydisp.o(.text) refers to memseta.o(.text) for __aeabi_memclr
    keydisp.o(.text) refers to keydisp.o(.constdata) for .constdata
    keydisp.o(.text) refers to keydisp.o(.bss) for .bss
    voldisp.o(.text) refers to lcd.o(.text) for LCDDrawText
    auto.o(.text) refers to keydisp.o(.text) for RefreshKeyDisp
    auto.o(.text) refers to composer.o(.text) for GetVol
    auto.o(.text) refers to voldisp.o(.text) for VolDisp
    auto.o(.text) refers to lcd.o(.text) for LCDDrawText
    auto.o(.text) refers to scriptphase.o(.text) for SetBaseTone
    auto.o(.text) refers to wavesel.o(.text) for WaveSel
    auto.o(.text) refers to delay.o(.text) for Delay
    auto.o(.text) refers to specialkeyscan.o(.text) for SpecialKeyGetCtrl
    auto.o(.text) refers to menu.o(.text) for EnterMenu
    auto.o(.text) refers to auto.o(.constdata) for .constdata
    auto.o(.constdata) refers to auto.o(.conststring) for .conststring
    auto.o(.constdata) refers to auto.o(.text) for MenuCallbackPlay
    auto.o(.constdata) refers to auto.o(.constdata) for Carry
    auto.o(.constdata) refers to auto.o(.constdata) for Farewell
    auto.o(.constdata) refers to auto.o(.constdata) for Represent
    auto.o(.constdata) refers to auto.o(.constdata) for BlueGeniue
    auto.o(.constdata) refers to auto.o(.constdata) for BadApple
    auto.o(.constdata) refers to auto.o(.constdata) for _9981
    auto.o(.constdata) refers to auto.o(.constdata) for Test
    menu.o(.text) refers to specialkeyscan.o(.text) for SpecialKeyGetCtrl
    menu.o(.text) refers to lcd.o(.text) for LCDFill
    wavesel.o(.text) refers to composer.o(.text) for SetWaveType
    wavesel.o(.text) refers to delay.o(.text) for Delay
    wavesel.o(.text) refers to menu.o(.text) for EnterMenu
    wavesel.o(.text) refers to wavesel.o(.constdata) for .constdata
    wavesel.o(.constdata) refers to wavesel.o(.conststring) for .conststring
    wavesel.o(.constdata) refers to wavesel.o(.text) for MenuCallbackWaveSel
    stm32f10x_dac.o(.text) refers to stm32f10x_rcc.o(.text) for RCC_APB1PeriphResetCmd
    stm32f10x_gpio.o(.text) refers to stm32f10x_rcc.o(.text) for RCC_APB2PeriphResetCmd
    stm32f10x_rcc.o(.text) refers to stm32f10x_rcc.o(.data) for .data
    stm32f10x_spi.o(.text) refers to stm32f10x_rcc.o(.text) for RCC_APB1PeriphResetCmd
    stm32f10x_tim.o(.text) refers to stm32f10x_rcc.o(.text) for RCC_APB2PeriphResetCmd
    startup_stm32f10x_hd.o(RESET) refers to startup_stm32f10x_hd.o(STACK) for __initial_sp
    startup_stm32f10x_hd.o(RESET) refers to startup_stm32f10x_hd.o(.text) for Reset_Handler
    startup_stm32f10x_hd.o(RESET) refers to stm32f10x_it.o(.text) for NMI_Handler
    startup_stm32f10x_hd.o(.text) refers to system_stm32f10x.o(.text) for SystemInit
    startup_stm32f10x_hd.o(.text) refers to entry.o(.ARM.Collect$$$$00000000) for __main
    system_stm32f10x.o(.text) refers to system_stm32f10x.o(.data) for .data
    sin.o(i.__softfp_sin) refers (Special) to iusefp.o(.text) for __I$use$fp
    sin.o(i.__softfp_sin) refers to sin.o(i.sin) for sin
    sin.o(i.sin) refers (Special) to iusefp.o(.text) for __I$use$fp
    sin.o(i.sin) refers to errno.o(i.__set_errno) for __set_errno
    sin.o(i.sin) refers to dunder.o(i.__mathlib_dbl_invalid) for __mathlib_dbl_invalid
    sin.o(i.sin) refers to dunder.o(i.__mathlib_dbl_infnan) for __mathlib_dbl_infnan
    sin.o(i.sin) refers to rred.o(i.__ieee754_rem_pio2) for __ieee754_rem_pio2
    sin.o(i.sin) refers to cos_i.o(i.__kernel_cos) for __kernel_cos
    sin.o(i.sin) refers to sin_i.o(i.__kernel_sin) for __kernel_sin
    sin_x.o(i.____softfp_sin$lsc) refers (Special) to iusefp.o(.text) for __I$use$fp
    sin_x.o(i.____softfp_sin$lsc) refers to sin_x.o(i.__sin$lsc) for __sin$lsc
    sin_x.o(i.__sin$lsc) refers (Special) to iusefp.o(.text) for __I$use$fp
    sin_x.o(i.__sin$lsc) refers to errno.o(i.__set_errno) for __set_errno
    sin_x.o(i.__sin$lsc) refers to dunder.o(i.__mathlib_dbl_infnan) for __mathlib_dbl_infnan
    sin_x.o(i.__sin$lsc) refers to rred.o(i.__ieee754_rem_pio2) for __ieee754_rem_pio2
    sin_x.o(i.__sin$lsc) refers to cos_i.o(i.__kernel_cos) for __kernel_cos
    sin_x.o(i.__sin$lsc) refers to sin_i.o(i.__kernel_sin) for __kernel_sin
    entry.o(.ARM.Collect$$$$00000000) refers (Special) to entry10a.o(.ARM.Collect$$$$0000000D) for __rt_final_cpp
    entry.o(.ARM.Collect$$$$00000000) refers (Special) to entry11a.o(.ARM.Collect$$$$0000000F) for __rt_final_exit
    entry.o(.ARM.Collect$$$$00000000) refers (Special) to entry7b.o(.ARM.Collect$$$$00000008) for _main_clock
    entry.o(.ARM.Collect$$$$00000000) refers (Special) to entry8b.o(.ARM.Collect$$$$0000000A) for _main_cpp_init
    entry.o(.ARM.Collect$$$$00000000) refers (Special) to entry9a.o(.ARM.Collect$$$$0000000B) for _main_init
    entry.o(.ARM.Collect$$$$00000000) refers (Special) to entry5.o(.ARM.Collect$$$$00000004) for _main_scatterload
    entry.o(.ARM.Collect$$$$00000000) refers (Special) to entry2.o(.ARM.Collect$$$$00000001) for _main_stk
    dadd.o(.text) refers (Special) to iusefp.o(.text) for __I$use$fp
    dadd.o(.text) refers to llshl.o(.text) for __aeabi_llsl
    dadd.o(.text) refers to llsshr.o(.text) for __aeabi_lasr
    dadd.o(.text) refers to depilogue.o(.text) for _double_epilogue
    dmul.o(.text) refers (Special) to iusefp.o(.text) for __I$use$fp
    dmul.o(.text) refers to depilogue.o(.text) for _double_epilogue
    ddiv.o(.text) refers (Special) to iusefp.o(.text) for __I$use$fp
    ddiv.o(.text) refers to depilogue.o(.text) for _double_round
    dscalb.o(.text) refers (Special) to iusefp.o(.text) for __I$use$fp
    dflti.o(.text) refers (Special) to iusefp.o(.text) for __I$use$fp
    dflti.o(.text) refers to depilogue.o(.text) for _double_epilogue
    dfltui.o(.text) refers (Special) to iusefp.o(.text) for __I$use$fp
    dfltui.o(.text) refers to depilogue.o(.text) for _double_epilogue
    dfixi.o(.text) refers (Special) to iusefp.o(.text) for __I$use$fp
    dfixi.o(.text) refers to llushr.o(.text) for __aeabi_llsr
    cos_i.o(i.__kernel_cos) refers (Special) to iusefp.o(.text) for __I$use$fp
    cos_i.o(i.__kernel_cos) refers to dfixi.o(.text) for __aeabi_d2iz
    cos_i.o(i.__kernel_cos) refers to dmul.o(.text) for __aeabi_dmul
    cos_i.o(i.__kernel_cos) refers to poly.o(i.__kernel_poly) for __kernel_poly
    cos_i.o(i.__kernel_cos) refers to dadd.o(.text) for __aeabi_dsub
    cos_i.o(i.__kernel_cos) refers to dscalb.o(.text) for __ARM_scalbn
    cos_i.o(i.__kernel_cos) refers to cos_i.o(.constdata) for .constdata
    cos_i.o(.constdata) refers (Special) to iusefp.o(.text) for __I$use$fp
    dunder.o(i.__mathlib_dbl_divzero) refers to ddiv.o(.text) for __aeabi_ddiv
    dunder.o(i.__mathlib_dbl_infnan) refers to dscalb.o(.text) for __ARM_scalbn
    dunder.o(i.__mathlib_dbl_infnan2) refers to dadd.o(.text) for __aeabi_dadd
    dunder.o(i.__mathlib_dbl_invalid) refers to ddiv.o(.text) for __aeabi_ddiv
    dunder.o(i.__mathlib_dbl_overflow) refers to dscalb.o(.text) for __ARM_scalbn
    dunder.o(i.__mathlib_dbl_posinfnan) refers to dmul.o(.text) for __aeabi_dmul
    dunder.o(i.__mathlib_dbl_underflow) refers to dscalb.o(.text) for __ARM_scalbn
    rred.o(i.__ieee754_rem_pio2) refers (Special) to iusefp.o(.text) for __I$use$fp
    rred.o(i.__ieee754_rem_pio2) refers to dadd.o(.text) for __aeabi_dsub
    rred.o(i.__ieee754_rem_pio2) refers to dmul.o(.text) for __aeabi_dmul
    rred.o(i.__ieee754_rem_pio2) refers to dfixi.o(.text) for __aeabi_d2iz
    rred.o(i.__ieee754_rem_pio2) refers to dflti.o(.text) for __aeabi_i2d
    rred.o(i.__ieee754_rem_pio2) refers to dfltui.o(.text) for __aeabi_ui2d
    rred.o(i.__ieee754_rem_pio2) refers to dscalb.o(.text) for __ARM_scalbn
    rred.o(i.__ieee754_rem_pio2) refers to rred.o(.constdata) for .constdata
    rred.o(i.__use_accurate_range_reduction) refers (Special) to iusefp.o(.text) for __I$use$fp
    rred.o(.constdata) refers (Special) to iusefp.o(.text) for __I$use$fp
    sin_i.o(i.__kernel_sin) refers (Special) to iusefp.o(.text) for __I$use$fp
    sin_i.o(i.__kernel_sin) refers to fpclassify.o(i.__ARM_fpclassify) for __ARM_fpclassify
    sin_i.o(i.__kernel_sin) refers to dunder.o(i.__mathlib_dbl_underflow) for __mathlib_dbl_underflow
    sin_i.o(i.__kernel_sin) refers to dmul.o(.text) for __aeabi_dmul
    sin_i.o(i.__kernel_sin) refers to poly.o(i.__kernel_poly) for __kernel_poly
    sin_i.o(i.__kernel_sin) refers to dscalb.o(.text) for __ARM_scalbn
    sin_i.o(i.__kernel_sin) refers to dadd.o(.text) for __aeabi_dsub
    sin_i.o(i.__kernel_sin) refers to sin_i.o(.constdata) for .constdata
    sin_i.o(.constdata) refers (Special) to iusefp.o(.text) for __I$use$fp
    sin_i_x.o(i.____kernel_sin$lsc) refers (Special) to iusefp.o(.text) for __I$use$fp
    sin_i_x.o(i.____kernel_sin$lsc) refers to dmul.o(.text) for __aeabi_dmul
    sin_i_x.o(i.____kernel_sin$lsc) refers to poly.o(i.__kernel_poly) for __kernel_poly
    sin_i_x.o(i.____kernel_sin$lsc) refers to dscalb.o(.text) for __ARM_scalbn
    sin_i_x.o(i.____kernel_sin$lsc) refers to dadd.o(.text) for __aeabi_dsub
    sin_i_x.o(i.____kernel_sin$lsc) refers to sin_i_x.o(.constdata) for .constdata
    sin_i_x.o(.constdata) refers (Special) to iusefp.o(.text) for __I$use$fp
    entry2.o(.ARM.Collect$$$$00000001) refers to entry2.o(.ARM.Collect$$$$00002712) for __lit__00000000
    entry2.o(.ARM.Collect$$$$00002712) refers to startup_stm32f10x_hd.o(STACK) for __initial_sp
    entry2.o(__vectab_stack_and_reset_area) refers to startup_stm32f10x_hd.o(STACK) for __initial_sp
    entry2.o(__vectab_stack_and_reset_area) refers to entry.o(.ARM.Collect$$$$00000000) for __main
    entry5.o(.ARM.Collect$$$$00000004) refers to init.o(.text) for __scatterload
    entry9a.o(.ARM.Collect$$$$0000000B) refers to main.o(.text) for main
    entry9b.o(.ARM.Collect$$$$0000000C) refers to main.o(.text) for main
    errno.o(i.__aeabi_errno_addr) refers to errno.o(.data) for .data
    errno.o(i.__read_errno) refers to errno.o(.data) for .data
    errno.o(i.__set_errno) refers to errno.o(.data) for .data
    depilogue.o(.text) refers to llshl.o(.text) for __aeabi_llsl
    depilogue.o(.text) refers to llushr.o(.text) for __aeabi_llsr
    fpclassify.o(i.__ARM_fpclassify) refers (Special) to iusefp.o(.text) for __I$use$fp
    poly.o(i.__kernel_poly) refers (Special) to iusefp.o(.text) for __I$use$fp
    poly.o(i.__kernel_poly) refers to dmul.o(.text) for __aeabi_dmul
    poly.o(i.__kernel_poly) refers to dadd.o(.text) for __aeabi_dadd
    init.o(.text) refers to entry5.o(.ARM.Collect$$$$00000004) for __main_after_scatterload


==============================================================================

Removing Unused input sections from the image.

    Removing composer.o(.rev16_text), (4 bytes).
    Removing composer.o(.revsh_text), (4 bytes).
    Removing composer.o(.rrx_text), (6 bytes).
    Removing delay.o(.rev16_text), (4 bytes).
    Removing delay.o(.revsh_text), (4 bytes).
    Removing delay.o(.rrx_text), (6 bytes).
    Removing lcd.o(.rev16_text), (4 bytes).
    Removing lcd.o(.revsh_text), (4 bytes).
    Removing lcd.o(.rrx_text), (6 bytes).
    Removing main.o(.rev16_text), (4 bytes).
    Removing main.o(.revsh_text), (4 bytes).
    Removing main.o(.rrx_text), (6 bytes).
    Removing scriptphase.o(.rev16_text), (4 bytes).
    Removing scriptphase.o(.revsh_text), (4 bytes).
    Removing scriptphase.o(.rrx_text), (6 bytes).
    Removing stm32f10x_it.o(.rev16_text), (4 bytes).
    Removing stm32f10x_it.o(.revsh_text), (4 bytes).
    Removing stm32f10x_it.o(.rrx_text), (6 bytes).
    Removing systick.o(.rev16_text), (4 bytes).
    Removing systick.o(.revsh_text), (4 bytes).
    Removing systick.o(.rrx_text), (6 bytes).
    Removing specialkeyscan.o(.rev16_text), (4 bytes).
    Removing specialkeyscan.o(.revsh_text), (4 bytes).
    Removing specialkeyscan.o(.rrx_text), (6 bytes).
    Removing keyscan.o(.rev16_text), (4 bytes).
    Removing keyscan.o(.revsh_text), (4 bytes).
    Removing keyscan.o(.rrx_text), (6 bytes).
    Removing keydisp.o(.rev16_text), (4 bytes).
    Removing keydisp.o(.revsh_text), (4 bytes).
    Removing keydisp.o(.rrx_text), (6 bytes).
    Removing keydisp.o(.constdata), (1 bytes).
    Removing keydisp.o(.constdata), (1 bytes).
    Removing keydisp.o(.constdata), (1 bytes).
    Removing voldisp.o(.rev16_text), (4 bytes).
    Removing voldisp.o(.revsh_text), (4 bytes).
    Removing voldisp.o(.rrx_text), (6 bytes).
    Removing auto.o(.rev16_text), (4 bytes).
    Removing auto.o(.revsh_text), (4 bytes).
    Removing auto.o(.rrx_text), (6 bytes).
    Removing menu.o(.rev16_text), (4 bytes).
    Removing menu.o(.revsh_text), (4 bytes).
    Removing menu.o(.rrx_text), (6 bytes).
    Removing wavesel.o(.rev16_text), (4 bytes).
    Removing wavesel.o(.revsh_text), (4 bytes).
    Removing wavesel.o(.rrx_text), (6 bytes).
    Removing misc.o(.rev16_text), (4 bytes).
    Removing misc.o(.revsh_text), (4 bytes).
    Removing misc.o(.rrx_text), (6 bytes).
    Removing stm32f10x_dac.o(.rev16_text), (4 bytes).
    Removing stm32f10x_dac.o(.revsh_text), (4 bytes).
    Removing stm32f10x_dac.o(.rrx_text), (6 bytes).
    Removing stm32f10x_dma.o(.rev16_text), (4 bytes).
    Removing stm32f10x_dma.o(.revsh_text), (4 bytes).
    Removing stm32f10x_dma.o(.rrx_text), (6 bytes).
    Removing stm32f10x_gpio.o(.rev16_text), (4 bytes).
    Removing stm32f10x_gpio.o(.revsh_text), (4 bytes).
    Removing stm32f10x_gpio.o(.rrx_text), (6 bytes).
    Removing stm32f10x_rcc.o(.rev16_text), (4 bytes).
    Removing stm32f10x_rcc.o(.revsh_text), (4 bytes).
    Removing stm32f10x_rcc.o(.rrx_text), (6 bytes).
    Removing stm32f10x_spi.o(.rev16_text), (4 bytes).
    Removing stm32f10x_spi.o(.revsh_text), (4 bytes).
    Removing stm32f10x_spi.o(.rrx_text), (6 bytes).
    Removing stm32f10x_tim.o(.rev16_text), (4 bytes).
    Removing stm32f10x_tim.o(.revsh_text), (4 bytes).
    Removing stm32f10x_tim.o(.rrx_text), (6 bytes).
    Removing startup_stm32f10x_hd.o(HEAP), (512 bytes).
    Removing system_stm32f10x.o(.rev16_text), (4 bytes).
    Removing system_stm32f10x.o(.revsh_text), (4 bytes).
    Removing system_stm32f10x.o(.rrx_text), (6 bytes).

70 unused section(s) (total 823 bytes) removed from the image.

==============================================================================

Image Symbol Table

    Local Symbols

    Symbol Name                              Value     Ov Type        Size  Object(Section)

    ../clib/microlib/errno.c                 0x00000000   Number         0  errno.o ABSOLUTE
    ../clib/microlib/init/entry.s            0x00000000   Number         0  entry7a.o ABSOLUTE
    ../clib/microlib/init/entry.s            0x00000000   Number         0  entry5.o ABSOLUTE
    ../clib/microlib/init/entry.s            0x00000000   Number         0  entry.o ABSOLUTE
    ../clib/microlib/init/entry.s            0x00000000   Number         0  entry10a.o ABSOLUTE
    ../clib/microlib/init/entry.s            0x00000000   Number         0  entry2.o ABSOLUTE
    ../clib/microlib/init/entry.s            0x00000000   Number         0  entry11b.o ABSOLUTE
    ../clib/microlib/init/entry.s            0x00000000   Number         0  entry11a.o ABSOLUTE
    ../clib/microlib/init/entry.s            0x00000000   Number         0  entry10b.o ABSOLUTE
    ../clib/microlib/init/entry.s            0x00000000   Number         0  entry9b.o ABSOLUTE
    ../clib/microlib/init/entry.s            0x00000000   Number         0  entry9a.o ABSOLUTE
    ../clib/microlib/init/entry.s            0x00000000   Number         0  entry8b.o ABSOLUTE
    ../clib/microlib/init/entry.s            0x00000000   Number         0  entry8a.o ABSOLUTE
    ../clib/microlib/init/entry.s            0x00000000   Number         0  entry7b.o ABSOLUTE
    ../clib/microlib/longlong.c              0x00000000   Number         0  llsshr.o ABSOLUTE
    ../clib/microlib/longlong.c              0x00000000   Number         0  llushr.o ABSOLUTE
    ../clib/microlib/longlong.c              0x00000000   Number         0  llshl.o ABSOLUTE
    ../clib/microlib/string/memset.c         0x00000000   Number         0  memseta.o ABSOLUTE
    ../clib/microlib/stubs.s                 0x00000000   Number         0  iusefp.o ABSOLUTE
    ../fplib/microlib/fpadd.c                0x00000000   Number         0  dadd.o ABSOLUTE
    ../fplib/microlib/fpdiv.c                0x00000000   Number         0  ddiv.o ABSOLUTE
    ../fplib/microlib/fpepilogue.c           0x00000000   Number         0  depilogue.o ABSOLUTE
    ../fplib/microlib/fpfix.c                0x00000000   Number         0  dfixi.o ABSOLUTE
    ../fplib/microlib/fpflt.c                0x00000000   Number         0  dfltui.o ABSOLUTE
    ../fplib/microlib/fpflt.c                0x00000000   Number         0  dflti.o ABSOLUTE
    ../fplib/microlib/fpmul.c                0x00000000   Number         0  dmul.o ABSOLUTE
    ../fplib/microlib/fpscalb.c              0x00000000   Number         0  dscalb.o ABSOLUTE
    ../mathlib/cos_i.c                       0x00000000   Number         0  cos_i.o ABSOLUTE
    ../mathlib/dunder.c                      0x00000000   Number         0  dunder.o ABSOLUTE
    ../mathlib/fpclassify.c                  0x00000000   Number         0  fpclassify.o ABSOLUTE
    ../mathlib/poly.c                        0x00000000   Number         0  poly.o ABSOLUTE
    ../mathlib/rred.c                        0x00000000   Number         0  rred.o ABSOLUTE
    ../mathlib/sin.c                         0x00000000   Number         0  sin_x.o ABSOLUTE
    ../mathlib/sin.c                         0x00000000   Number         0  sin.o ABSOLUTE
    ../mathlib/sin_i.c                       0x00000000   Number         0  sin_i_x.o ABSOLUTE
    ../mathlib/sin_i.c                       0x00000000   Number         0  sin_i.o ABSOLUTE
    Auto.c                                   0x00000000   Number         0  auto.o ABSOLUTE
    Auto.c                                   0x00000000   Number         0  auto.o ABSOLUTE
    C:\Keil_v5\ARM\PACK\Keil\STM32F1xx_DFP\2.1.0\Device\StdPeriph_Driver\src\misc.c 0x00000000   Number         0  misc.o ABSOLUTE
    C:\Keil_v5\ARM\PACK\Keil\STM32F1xx_DFP\2.1.0\Device\StdPeriph_Driver\src\stm32f10x_dac.c 0x00000000   Number         0  stm32f10x_dac.o ABSOLUTE
    C:\Keil_v5\ARM\PACK\Keil\STM32F1xx_DFP\2.1.0\Device\StdPeriph_Driver\src\stm32f10x_dma.c 0x00000000   Number         0  stm32f10x_dma.o ABSOLUTE
    C:\Keil_v5\ARM\PACK\Keil\STM32F1xx_DFP\2.1.0\Device\StdPeriph_Driver\src\stm32f10x_gpio.c 0x00000000   Number         0  stm32f10x_gpio.o ABSOLUTE
    C:\Keil_v5\ARM\PACK\Keil\STM32F1xx_DFP\2.1.0\Device\StdPeriph_Driver\src\stm32f10x_rcc.c 0x00000000   Number         0  stm32f10x_rcc.o ABSOLUTE
    C:\Keil_v5\ARM\PACK\Keil\STM32F1xx_DFP\2.1.0\Device\StdPeriph_Driver\src\stm32f10x_spi.c 0x00000000   Number         0  stm32f10x_spi.o ABSOLUTE
    C:\Keil_v5\ARM\PACK\Keil\STM32F1xx_DFP\2.1.0\Device\StdPeriph_Driver\src\stm32f10x_tim.c 0x00000000   Number         0  stm32f10x_tim.o ABSOLUTE
    C:\\Keil_v5\\ARM\\PACK\\Keil\\STM32F1xx_DFP\\2.1.0\\Device\\StdPeriph_Driver\\src\\misc.c 0x00000000   Number         0  misc.o ABSOLUTE
    C:\\Keil_v5\\ARM\\PACK\\Keil\\STM32F1xx_DFP\\2.1.0\\Device\\StdPeriph_Driver\\src\\stm32f10x_dac.c 0x00000000   Number         0  stm32f10x_dac.o ABSOLUTE
    C:\\Keil_v5\\ARM\\PACK\\Keil\\STM32F1xx_DFP\\2.1.0\\Device\\StdPeriph_Driver\\src\\stm32f10x_dma.c 0x00000000   Number         0  stm32f10x_dma.o ABSOLUTE
    C:\\Keil_v5\\ARM\\PACK\\Keil\\STM32F1xx_DFP\\2.1.0\\Device\\StdPeriph_Driver\\src\\stm32f10x_gpio.c 0x00000000   Number         0  stm32f10x_gpio.o ABSOLUTE
    C:\\Keil_v5\\ARM\\PACK\\Keil\\STM32F1xx_DFP\\2.1.0\\Device\\StdPeriph_Driver\\src\\stm32f10x_rcc.c 0x00000000   Number         0  stm32f10x_rcc.o ABSOLUTE
    C:\\Keil_v5\\ARM\\PACK\\Keil\\STM32F1xx_DFP\\2.1.0\\Device\\StdPeriph_Driver\\src\\stm32f10x_spi.c 0x00000000   Number         0  stm32f10x_spi.o ABSOLUTE
    C:\\Keil_v5\\ARM\\PACK\\Keil\\STM32F1xx_DFP\\2.1.0\\Device\\StdPeriph_Driver\\src\\stm32f10x_tim.c 0x00000000   Number         0  stm32f10x_tim.o ABSOLUTE
    Composer.c                               0x00000000   Number         0  composer.o ABSOLUTE
    Composer.c                               0x00000000   Number         0  composer.o ABSOLUTE
    Delay.c                                  0x00000000   Number         0  delay.o ABSOLUTE
    Delay.c                                  0x00000000   Number         0  delay.o ABSOLUTE
    KeyDisp.c                                0x00000000   Number         0  keydisp.o ABSOLUTE
    KeyDisp.c                                0x00000000   Number         0  keydisp.o ABSOLUTE
    KeyScan.c                                0x00000000   Number         0  keyscan.o ABSOLUTE
    KeyScan.c                                0x00000000   Number         0  keyscan.o ABSOLUTE
    LCD.c                                    0x00000000   Number         0  lcd.o ABSOLUTE
    LCD.c                                    0x00000000   Number         0  lcd.o ABSOLUTE
    Main.c                                   0x00000000   Number         0  main.o ABSOLUTE
    Main.c                                   0x00000000   Number         0  main.o ABSOLUTE
    Menu.c                                   0x00000000   Number         0  menu.o ABSOLUTE
    Menu.c                                   0x00000000   Number         0  menu.o ABSOLUTE
    RTE\Device\STM32F103VC\startup_stm32f10x_hd.s 0x00000000   Number         0  startup_stm32f10x_hd.o ABSOLUTE
    RTE\Device\STM32F103VC\system_stm32f10x.c 0x00000000   Number         0  system_stm32f10x.o ABSOLUTE
    RTE\\Device\\STM32F103VC\\system_stm32f10x.c 0x00000000   Number         0  system_stm32f10x.o ABSOLUTE
    ScriptPhase.c                            0x00000000   Number         0  scriptphase.o ABSOLUTE
    ScriptPhase.c                            0x00000000   Number         0  scriptphase.o ABSOLUTE
    SpecialKeyScan.c                         0x00000000   Number         0  specialkeyscan.o ABSOLUTE
    SpecialKeyScan.c                         0x00000000   Number         0  specialkeyscan.o ABSOLUTE
    SysTick.c                                0x00000000   Number         0  systick.o ABSOLUTE
    SysTick.c                                0x00000000   Number         0  systick.o ABSOLUTE
    VolDisp.c                                0x00000000   Number         0  voldisp.o ABSOLUTE
    VolDisp.c                                0x00000000   Number         0  voldisp.o ABSOLUTE
    WaveSel.c                                0x00000000   Number         0  wavesel.o ABSOLUTE
    WaveSel.c                                0x00000000   Number         0  wavesel.o ABSOLUTE
    dc.s                                     0x00000000   Number         0  dc.o ABSOLUTE
    handlers.s                               0x00000000   Number         0  handlers.o ABSOLUTE
    init.s                                   0x00000000   Number         0  init.o ABSOLUTE
    stm32f10x_it.c                           0x00000000   Number         0  stm32f10x_it.o ABSOLUTE
    stm32f10x_it.c                           0x00000000   Number         0  stm32f10x_it.o ABSOLUTE
    RESET                                    0x08000000   Section      304  startup_stm32f10x_hd.o(RESET)
    .ARM.Collect$$$$00000000                 0x08000130   Section        0  entry.o(.ARM.Collect$$$$00000000)
    .ARM.Collect$$$$00000001                 0x08000130   Section        4  entry2.o(.ARM.Collect$$$$00000001)
    .ARM.Collect$$$$00000004                 0x08000134   Section        4  entry5.o(.ARM.Collect$$$$00000004)
    .ARM.Collect$$$$00000008                 0x08000138   Section        0  entry7b.o(.ARM.Collect$$$$00000008)
    .ARM.Collect$$$$0000000A                 0x08000138   Section        0  entry8b.o(.ARM.Collect$$$$0000000A)
    .ARM.Collect$$$$0000000B                 0x08000138   Section        8  entry9a.o(.ARM.Collect$$$$0000000B)
    .ARM.Collect$$$$0000000D                 0x08000140   Section        0  entry10a.o(.ARM.Collect$$$$0000000D)
    .ARM.Collect$$$$0000000F                 0x08000140   Section        0  entry11a.o(.ARM.Collect$$$$0000000F)
    .ARM.Collect$$$$00002712                 0x08000140   Section        4  entry2.o(.ARM.Collect$$$$00002712)
    __lit__00000000                          0x08000140   Data           4  entry2.o(.ARM.Collect$$$$00002712)
    .text                                    0x08000144   Section        0  composer.o(.text)
    .text                                    0x08000834   Section        0  delay.o(.text)
    .text                                    0x08000888   Section        0  lcd.o(.text)
    .text                                    0x080011c4   Section        0  main.o(.text)
    .text                                    0x080013b8   Section        0  scriptphase.o(.text)
    .text                                    0x080015e0   Section        0  stm32f10x_it.o(.text)
    .text                                    0x080016b4   Section        0  systick.o(.text)
    .text                                    0x0800170c   Section        0  specialkeyscan.o(.text)
    .text                                    0x0800189c   Section        0  keyscan.o(.text)
    .text                                    0x080019c8   Section        0  keydisp.o(.text)
    .text                                    0x08001cc4   Section        0  voldisp.o(.text)
    .text                                    0x08001d60   Section        0  auto.o(.text)
    .text                                    0x08001ef8   Section        0  menu.o(.text)
    .text                                    0x08002038   Section        0  wavesel.o(.text)
    .text                                    0x08002064   Section        0  misc.o(.text)
    .text                                    0x08002128   Section        0  stm32f10x_dac.o(.text)
    .text                                    0x08002250   Section        0  stm32f10x_dma.o(.text)
    .text                                    0x08002444   Section        0  stm32f10x_gpio.o(.text)
    .text                                    0x080026ec   Section        0  stm32f10x_rcc.o(.text)
    .text                                    0x080029cc   Section        0  stm32f10x_spi.o(.text)
    .text                                    0x08002c74   Section        0  stm32f10x_tim.o(.text)
    TI2_Config                               0x080039b5   Thumb Code   124  stm32f10x_tim.o(.text)
    .text                                    0x08003a3c   Section       36  startup_stm32f10x_hd.o(.text)
    .text                                    0x08003a60   Section        0  system_stm32f10x.o(.text)
    .text                                    0x08003bb8   Section        0  memseta.o(.text)
    .text                                    0x08003bdc   Section        0  dadd.o(.text)
    .text                                    0x08003d2a   Section        0  dmul.o(.text)
    .text                                    0x08003e0e   Section        0  ddiv.o(.text)
    .text                                    0x08003eec   Section        0  dscalb.o(.text)
    .text                                    0x08003f1a   Section        0  dflti.o(.text)
    .text                                    0x08003f3c   Section        0  dfltui.o(.text)
    .text                                    0x08003f56   Section        0  dfixi.o(.text)
    .text                                    0x08003f94   Section        0  llshl.o(.text)
    .text                                    0x08003fb2   Section        0  llushr.o(.text)
    .text                                    0x08003fd2   Section        0  llsshr.o(.text)
    .text                                    0x08003ff6   Section        0  depilogue.o(.text)
    .text                                    0x08003ff6   Section        0  iusefp.o(.text)
    .text                                    0x080040b0   Section       36  init.o(.text)
    i.__ARM_fpclassify                       0x080040d4   Section        0  fpclassify.o(i.__ARM_fpclassify)
    i.__ieee754_rem_pio2                     0x080040fc   Section        0  rred.o(i.__ieee754_rem_pio2)
    i.__kernel_cos                           0x08004484   Section        0  cos_i.o(i.__kernel_cos)
    i.__kernel_poly                          0x08004580   Section        0  poly.o(i.__kernel_poly)
    i.__kernel_sin                           0x0800462c   Section        0  sin_i.o(i.__kernel_sin)
    i.__mathlib_dbl_infnan                   0x08004718   Section        0  dunder.o(i.__mathlib_dbl_infnan)
    i.__mathlib_dbl_invalid                  0x0800471e   Section        0  dunder.o(i.__mathlib_dbl_invalid)
    i.__mathlib_dbl_underflow                0x0800472c   Section        0  dunder.o(i.__mathlib_dbl_underflow)
    i.__scatterload_copy                     0x0800473c   Section       14  handlers.o(i.__scatterload_copy)
    i.__scatterload_null                     0x0800474a   Section        2  handlers.o(i.__scatterload_null)
    i.__scatterload_zeroinit                 0x0800474c   Section       14  handlers.o(i.__scatterload_zeroinit)
    i.__set_errno                            0x0800475c   Section        0  errno.o(i.__set_errno)
    i.sin                                    0x08004768   Section        0  sin.o(i.sin)
    .constdata                               0x08004808   Section      164  composer.o(.constdata)
    .constdata                               0x080048ac   Section     1521  lcd.o(.constdata)
    .constdata                               0x08004ea0   Section      100  keydisp.o(.constdata)
    .constdata                               0x08004f04   Section      216  auto.o(.constdata)
    .constdata                               0x08004fdc   Section      122  auto.o(.constdata)
    .constdata                               0x08005056   Section      326  auto.o(.constdata)
    .constdata                               0x0800519c   Section      283  auto.o(.constdata)
    .constdata                               0x080052b7   Section     1268  auto.o(.constdata)
    .constdata                               0x080057ab   Section     2506  auto.o(.constdata)
    .constdata                               0x08006175   Section       93  auto.o(.constdata)
    .constdata                               0x080061d4   Section       96  auto.o(.constdata)
    .constdata                               0x08006234   Section       72  wavesel.o(.constdata)
    .constdata                               0x08006280   Section       48  cos_i.o(.constdata)
    C                                        0x08006280   Data          48  cos_i.o(.constdata)
    .constdata                               0x080062b0   Section      200  rred.o(.constdata)
    pio2s                                    0x080062b0   Data          48  rred.o(.constdata)
    twooverpi                                0x080062e0   Data         152  rred.o(.constdata)
    .constdata                               0x08006378   Section       40  sin_i.o(.constdata)
    S                                        0x08006378   Data          40  sin_i.o(.constdata)
    .conststring                             0x080063a0   Section       81  auto.o(.conststring)
    .conststring                             0x080063f4   Section       41  wavesel.o(.conststring)
    .data                                    0x20000000   Section        6  composer.o(.data)
    .data                                    0x20000008   Section        4  delay.o(.data)
    EndTicks                                 0x20000008   Data           4  delay.o(.data)
    .data                                    0x2000000c   Section       16  scriptphase.o(.data)
    .data                                    0x2000001c   Section        4  systick.o(.data)
    .data                                    0x20000020   Section       20  stm32f10x_rcc.o(.data)
    ADCPrescTable                            0x20000020   Data           4  stm32f10x_rcc.o(.data)
    APBAHBPrescTable                         0x20000024   Data          16  stm32f10x_rcc.o(.data)
    .data                                    0x20000034   Section       20  system_stm32f10x.o(.data)
    .data                                    0x20000048   Section        4  errno.o(.data)
    _errno                                   0x20000048   Data           4  errno.o(.data)
    .bss                                     0x2000004c   Section     3568  composer.o(.bss)
    .bss                                     0x20000e3c   Section       40  scriptphase.o(.bss)
    .bss                                     0x20000e64   Section       36  keyscan.o(.bss)
    .bss                                     0x20000e88   Section       36  keydisp.o(.bss)
    STACK                                    0x20000eb0   Section     1024  startup_stm32f10x_hd.o(STACK)

    Global Symbols

    Symbol Name                              Value     Ov Type        Size  Object(Section)

    BuildAttributes$$THM_ISAv4$P$D$K$B$S$PE$A:L22UL41UL21$X:L11$S22US41US21$IEEE1$IW$USESV6$~STKCKD$USESV7$~SHL$OTIME$ROPI$IEEEX$EBA8$MICROLIB$REQ8$PRES8$EABIv2 0x00000000   Number         0  anon$$obj.o ABSOLUTE
    __ARM_use_no_argv                        0x00000000   Number         0  main.o ABSOLUTE
    __cpp_initialize__aeabi_                  - Undefined Weak Reference
    __cxa_finalize                            - Undefined Weak Reference
    __decompress                              - Undefined Weak Reference
    _clock_init                               - Undefined Weak Reference
    _microlib_exit                            - Undefined Weak Reference
    __Vectors_Size                           0x00000130   Number         0  startup_stm32f10x_hd.o ABSOLUTE
    __Vectors                                0x08000000   Data           4  startup_stm32f10x_hd.o(RESET)
    __Vectors_End                            0x08000130   Data           0  startup_stm32f10x_hd.o(RESET)
    __main                                   0x08000131   Thumb Code     0  entry.o(.ARM.Collect$$$$00000000)
    _main_stk                                0x08000131   Thumb Code     0  entry2.o(.ARM.Collect$$$$00000001)
    _main_scatterload                        0x08000135   Thumb Code     0  entry5.o(.ARM.Collect$$$$00000004)
    __main_after_scatterload                 0x08000139   Thumb Code     0  entry5.o(.ARM.Collect$$$$00000004)
    _main_clock                              0x08000139   Thumb Code     0  entry7b.o(.ARM.Collect$$$$00000008)
    _main_cpp_init                           0x08000139   Thumb Code     0  entry8b.o(.ARM.Collect$$$$0000000A)
    _main_init                               0x08000139   Thumb Code     0  entry9a.o(.ARM.Collect$$$$0000000B)
    __rt_final_cpp                           0x08000141   Thumb Code     0  entry10a.o(.ARM.Collect$$$$0000000D)
    __rt_final_exit                          0x08000141   Thumb Code     0  entry11a.o(.ARM.Collect$$$$0000000F)
    InitGPIO                                 0x08000145   Thumb Code    38  composer.o(.text)
    InitDAC                                  0x0800016b   Thumb Code    36  composer.o(.text)
    InitNVIC                                 0x0800018f   Thumb Code    40  composer.o(.text)
    InitDMA                                  0x080001b7   Thumb Code    84  composer.o(.text)
    InitTimer                                0x0800020b   Thumb Code    60  composer.o(.text)
    InitWaveTableSine                        0x08000247   Thumb Code   144  composer.o(.text)
    InitWaveTableSquare                      0x080002d7   Thumb Code    56  composer.o(.text)
    InitWaveTableTriangle                    0x0800030f   Thumb Code    90  composer.o(.text)
    InitWaveTableSawTooth                    0x08000369   Thumb Code    62  composer.o(.text)
    InitWaveTableDualSine                    0x080003a7   Thumb Code   164  composer.o(.text)
    RefreshWaveTable                         0x0800044b   Thumb Code   224  composer.o(.text)
    SetWaveType                              0x0800052b   Thumb Code     6  composer.o(.text)
    InitComposer                             0x08000531   Thumb Code   362  composer.o(.text)
    ConmosePart                              0x0800069b   Thumb Code   132  composer.o(.text)
    Compose                                  0x0800071f   Thumb Code    16  composer.o(.text)
    SetTuneEnable                            0x0800072f   Thumb Code   162  composer.o(.text)
    SetAllTuneDisable                        0x080007d1   Thumb Code     8  composer.o(.text)
    SetVol                                   0x080007d9   Thumb Code    42  composer.o(.text)
    GetVol                                   0x08000803   Thumb Code     6  composer.o(.text)
    Delay                                    0x08000835   Thumb Code    26  delay.o(.text)
    PreciseDelay                             0x0800084f   Thumb Code    32  delay.o(.text)
    Delay100us                               0x0800086f   Thumb Code    20  delay.o(.text)
    SPI_WriteDat                             0x08000889   Thumb Code    48  lcd.o(.text)
    LcdGPIO_Init                             0x080008b9   Thumb Code    40  lcd.o(.text)
    SPIInit                                  0x080008e1   Thumb Code   144  lcd.o(.text)
    LCDReset                                 0x08000971   Thumb Code    38  lcd.o(.text)
    LCDWriteIndex                            0x08000997   Thumb Code    80  lcd.o(.text)
    LCDWriteData                             0x080009e7   Thumb Code    80  lcd.o(.text)
    LCDWriteData16Bit                        0x08000a37   Thumb Code    94  lcd.o(.text)
    LCDWriteIndex16Bit                       0x08000a95   Thumb Code    94  lcd.o(.text)
    LCDSetRegion                             0x08000af3   Thumb Code    60  lcd.o(.text)
    LCDFill                                  0x08000b2f   Thumb Code   228  lcd.o(.text)
    LCDClear                                 0x08000c13   Thumb Code    20  lcd.o(.text)
    LCDInit                                  0x08000c27   Thumb Code   746  lcd.o(.text)
    LCDBGEnable                              0x08000f11   Thumb Code    18  lcd.o(.text)
    LCDDrawPoint                             0x08000f23   Thumb Code    46  lcd.o(.text)
    LCDBitblt                                0x08000f51   Thumb Code   228  lcd.o(.text)
    LCDDrawText                              0x08001035   Thumb Code   394  lcd.o(.text)
    main                                     0x080011c5   Thumb Code   392  main.o(.text)
    LoadScript                               0x080013b9   Thumb Code    40  scriptphase.o(.text)
    GetNote                                  0x080013e1   Thumb Code    38  scriptphase.o(.text)
    ScriptTick                               0x08001407   Thumb Code   456  scriptphase.o(.text)
    SetBaseTone                              0x080015cf   Thumb Code     8  scriptphase.o(.text)
    NMI_Handler                              0x080015e1   Thumb Code    26  stm32f10x_it.o(.text)
    HardFault_Handler                        0x080015fb   Thumb Code    26  stm32f10x_it.o(.text)
    MemManage_Handler                        0x08001615   Thumb Code    26  stm32f10x_it.o(.text)
    BusFault_Handler                         0x0800162f   Thumb Code    26  stm32f10x_it.o(.text)
    UsageFault_Handler                       0x08001649   Thumb Code    26  stm32f10x_it.o(.text)
    SVC_Handler                              0x08001663   Thumb Code     2  stm32f10x_it.o(.text)
    DebugMon_Handler                         0x08001665   Thumb Code     2  stm32f10x_it.o(.text)
    PendSV_Handler                           0x08001667   Thumb Code     2  stm32f10x_it.o(.text)
    SysTick_Handler                          0x08001669   Thumb Code     4  stm32f10x_it.o(.text)
    DMA2_Channel3_IRQHandler                 0x0800166d   Thumb Code    54  stm32f10x_it.o(.text)
    SysTickInit                              0x080016b5   Thumb Code    60  systick.o(.text)
    SysTickIncreasement                      0x080016f1   Thumb Code    10  systick.o(.text)
    GetSysTick                               0x080016fb   Thumb Code     6  systick.o(.text)
    SpecialKeyScanGPIOInit                   0x0800170d   Thumb Code    60  specialkeyscan.o(.text)
    SpecialKeyScanTimerInit                  0x08001749   Thumb Code   114  specialkeyscan.o(.text)
    SpecialKeyScanInit                       0x080017bb   Thumb Code   170  specialkeyscan.o(.text)
    SpecialKeyGetEnc                         0x08001865   Thumb Code    28  specialkeyscan.o(.text)
    SpecialKeyGetCtrl                        0x08001881   Thumb Code    16  specialkeyscan.o(.text)
    KeyScanInit                              0x0800189d   Thumb Code   118  keyscan.o(.text)
    KeyScanGetVals                           0x08001913   Thumb Code   152  keyscan.o(.text)
    PrintNumberHint                          0x080019c9   Thumb Code   142  keydisp.o(.text)
    PrintKey                                 0x08001a57   Thumb Code   278  keydisp.o(.text)
    SetKeyDisp                               0x08001b6d   Thumb Code    72  keydisp.o(.text)
    DrawDecoration                           0x08001bb5   Thumb Code    80  keydisp.o(.text)
    RefreshKeyDisp                           0x08001c05   Thumb Code   154  keydisp.o(.text)
    SetAllKeyDispDisable                     0x08001c9f   Thumb Code     8  keydisp.o(.text)
    VolDisp                                  0x08001cc5   Thumb Code   148  voldisp.o(.text)
    Play                                     0x08001d61   Thumb Code   326  auto.o(.text)
    MenuCallbackPlay                         0x08001ea7   Thumb Code     2  auto.o(.text)
    DispSongList                             0x08001ea9   Thumb Code     6  auto.o(.text)
    EnterMenu                                0x08001ef9   Thumb Code   320  menu.o(.text)
    MenuCallbackWaveSel                      0x08002039   Thumb Code    34  wavesel.o(.text)
    WaveSel                                  0x0800205b   Thumb Code     6  wavesel.o(.text)
    NVIC_PriorityGroupConfig                 0x08002065   Thumb Code    14  misc.o(.text)
    NVIC_Init                                0x08002073   Thumb Code   112  misc.o(.text)
    NVIC_SetVectorTable                      0x080020e3   Thumb Code    16  misc.o(.text)
    NVIC_SystemLPConfig                      0x080020f3   Thumb Code    18  misc.o(.text)
    SysTick_CLKSourceConfig                  0x08002105   Thumb Code    22  misc.o(.text)
    DAC_DeInit                               0x08002129   Thumb Code    24  stm32f10x_dac.o(.text)
    DAC_Init                                 0x08002141   Thumb Code    48  stm32f10x_dac.o(.text)
    DAC_StructInit                           0x08002171   Thumb Code    12  stm32f10x_dac.o(.text)
    DAC_Cmd                                  0x0800217d   Thumb Code    24  stm32f10x_dac.o(.text)
    DAC_DMACmd                               0x08002195   Thumb Code    24  stm32f10x_dac.o(.text)
    DAC_SoftwareTriggerCmd                   0x080021ad   Thumb Code    26  stm32f10x_dac.o(.text)
    DAC_DualSoftwareTriggerCmd               0x080021c7   Thumb Code    20  stm32f10x_dac.o(.text)
    DAC_WaveGenerationCmd                    0x080021db   Thumb Code    22  stm32f10x_dac.o(.text)
    DAC_SetChannel1Data                      0x080021f1   Thumb Code    22  stm32f10x_dac.o(.text)
    DAC_SetChannel2Data                      0x08002207   Thumb Code    22  stm32f10x_dac.o(.text)
    DAC_SetDualChannelData                   0x0800221d   Thumb Code    24  stm32f10x_dac.o(.text)
    DAC_GetDataOutputValue                   0x08002235   Thumb Code    20  stm32f10x_dac.o(.text)
    DMA_DeInit                               0x08002251   Thumb Code   206  stm32f10x_dma.o(.text)
    DMA_Init                                 0x0800231f   Thumb Code    82  stm32f10x_dma.o(.text)
    DMA_StructInit                           0x08002371   Thumb Code    26  stm32f10x_dma.o(.text)
    DMA_Cmd                                  0x0800238b   Thumb Code    20  stm32f10x_dma.o(.text)
    DMA_ITConfig                             0x0800239f   Thumb Code    16  stm32f10x_dma.o(.text)
    DMA_SetCurrDataCounter                   0x080023af   Thumb Code     4  stm32f10x_dma.o(.text)
    DMA_GetCurrDataCounter                   0x080023b3   Thumb Code     6  stm32f10x_dma.o(.text)
    DMA_GetFlagStatus                        0x080023b9   Thumb Code    24  stm32f10x_dma.o(.text)
    DMA_ClearFlag                            0x080023d1   Thumb Code    16  stm32f10x_dma.o(.text)
    DMA_GetITStatus                          0x080023e1   Thumb Code    24  stm32f10x_dma.o(.text)
    DMA_ClearITPendingBit                    0x080023f9   Thumb Code    16  stm32f10x_dma.o(.text)
    GPIO_DeInit                              0x08002445   Thumb Code   192  stm32f10x_gpio.o(.text)
    GPIO_AFIODeInit                          0x08002505   Thumb Code    22  stm32f10x_gpio.o(.text)
    GPIO_Init                                0x0800251b   Thumb Code   186  stm32f10x_gpio.o(.text)
    GPIO_StructInit                          0x080025d5   Thumb Code    16  stm32f10x_gpio.o(.text)
    GPIO_ReadInputDataBit                    0x080025e5   Thumb Code    14  stm32f10x_gpio.o(.text)
    GPIO_ReadInputData                       0x080025f3   Thumb Code     6  stm32f10x_gpio.o(.text)
    GPIO_ReadOutputDataBit                   0x080025f9   Thumb Code    14  stm32f10x_gpio.o(.text)
    GPIO_ReadOutputData                      0x08002607   Thumb Code     6  stm32f10x_gpio.o(.text)
    GPIO_SetBits                             0x0800260d   Thumb Code     4  stm32f10x_gpio.o(.text)
    GPIO_ResetBits                           0x08002611   Thumb Code     4  stm32f10x_gpio.o(.text)
    GPIO_WriteBit                            0x08002615   Thumb Code    10  stm32f10x_gpio.o(.text)
    GPIO_Write                               0x0800261f   Thumb Code     4  stm32f10x_gpio.o(.text)
    GPIO_PinLockConfig                       0x08002623   Thumb Code    16  stm32f10x_gpio.o(.text)
    GPIO_EventOutputConfig                   0x08002633   Thumb Code    22  stm32f10x_gpio.o(.text)
    GPIO_EventOutputCmd                      0x08002649   Thumb Code     6  stm32f10x_gpio.o(.text)
    GPIO_PinRemapConfig                      0x0800264f   Thumb Code   102  stm32f10x_gpio.o(.text)
    GPIO_EXTILineConfig                      0x080026b5   Thumb Code    40  stm32f10x_gpio.o(.text)
    GPIO_ETH_MediaInterfaceConfig            0x080026dd   Thumb Code     8  stm32f10x_gpio.o(.text)
    RCC_DeInit                               0x080026ed   Thumb Code    54  stm32f10x_rcc.o(.text)
    RCC_HSEConfig                            0x08002723   Thumb Code    50  stm32f10x_rcc.o(.text)
    RCC_GetFlagStatus                        0x08002755   Thumb Code    42  stm32f10x_rcc.o(.text)
    RCC_WaitForHSEStartUp                    0x0800277f   Thumb Code    50  stm32f10x_rcc.o(.text)
    RCC_AdjustHSICalibrationValue            0x080027b1   Thumb Code    16  stm32f10x_rcc.o(.text)
    RCC_HSICmd                               0x080027c1   Thumb Code     6  stm32f10x_rcc.o(.text)
    RCC_PLLConfig                            0x080027c7   Thumb Code    16  stm32f10x_rcc.o(.text)
    RCC_PLLCmd                               0x080027d7   Thumb Code     6  stm32f10x_rcc.o(.text)
    RCC_SYSCLKConfig                         0x080027dd   Thumb Code    14  stm32f10x_rcc.o(.text)
    RCC_GetSYSCLKSource                      0x080027eb   Thumb Code    10  stm32f10x_rcc.o(.text)
    RCC_HCLKConfig                           0x080027f5   Thumb Code    14  stm32f10x_rcc.o(.text)
    RCC_PCLK1Config                          0x08002803   Thumb Code    14  stm32f10x_rcc.o(.text)
    RCC_PCLK2Config                          0x08002811   Thumb Code    16  stm32f10x_rcc.o(.text)
    RCC_ITConfig                             0x08002821   Thumb Code    18  stm32f10x_rcc.o(.text)
    RCC_USBCLKConfig                         0x08002833   Thumb Code     8  stm32f10x_rcc.o(.text)
    RCC_ADCCLKConfig                         0x0800283b   Thumb Code    14  stm32f10x_rcc.o(.text)
    RCC_LSEConfig                            0x08002849   Thumb Code    30  stm32f10x_rcc.o(.text)
    RCC_LSICmd                               0x08002867   Thumb Code     6  stm32f10x_rcc.o(.text)
    RCC_RTCCLKConfig                         0x0800286d   Thumb Code    10  stm32f10x_rcc.o(.text)
    RCC_RTCCLKCmd                            0x08002877   Thumb Code     6  stm32f10x_rcc.o(.text)
    RCC_GetClocksFreq                        0x0800287d   Thumb Code   152  stm32f10x_rcc.o(.text)
    RCC_AHBPeriphClockCmd                    0x08002915   Thumb Code    18  stm32f10x_rcc.o(.text)
    RCC_APB2PeriphClockCmd                   0x08002927   Thumb Code    18  stm32f10x_rcc.o(.text)
    RCC_APB1PeriphClockCmd                   0x08002939   Thumb Code    18  stm32f10x_rcc.o(.text)
    RCC_APB2PeriphResetCmd                   0x0800294b   Thumb Code    18  stm32f10x_rcc.o(.text)
    RCC_APB1PeriphResetCmd                   0x0800295d   Thumb Code    18  stm32f10x_rcc.o(.text)
    RCC_BackupResetCmd                       0x0800296f   Thumb Code     6  stm32f10x_rcc.o(.text)
    RCC_ClockSecuritySystemCmd               0x08002975   Thumb Code     6  stm32f10x_rcc.o(.text)
    RCC_MCOConfig                            0x0800297b   Thumb Code     6  stm32f10x_rcc.o(.text)
    RCC_ClearFlag                            0x08002981   Thumb Code    12  stm32f10x_rcc.o(.text)
    RCC_GetITStatus                          0x0800298d   Thumb Code    16  stm32f10x_rcc.o(.text)
    RCC_ClearITPendingBit                    0x0800299d   Thumb Code     6  stm32f10x_rcc.o(.text)
    SPI_I2S_DeInit                           0x080029cd   Thumb Code    92  stm32f10x_spi.o(.text)
    SPI_Init                                 0x08002a29   Thumb Code    84  stm32f10x_spi.o(.text)
    I2S_Init                                 0x08002a7d   Thumb Code   172  stm32f10x_spi.o(.text)
    SPI_StructInit                           0x08002b29   Thumb Code    24  stm32f10x_spi.o(.text)
    I2S_StructInit                           0x08002b41   Thumb Code    18  stm32f10x_spi.o(.text)
    SPI_Cmd                                  0x08002b53   Thumb Code    18  stm32f10x_spi.o(.text)
    I2S_Cmd                                  0x08002b65   Thumb Code    18  stm32f10x_spi.o(.text)
    SPI_I2S_ITConfig                         0x08002b77   Thumb Code    26  stm32f10x_spi.o(.text)
    SPI_I2S_DMACmd                           0x08002b91   Thumb Code    16  stm32f10x_spi.o(.text)
    SPI_I2S_SendData                         0x08002ba1   Thumb Code     4  stm32f10x_spi.o(.text)
    SPI_I2S_ReceiveData                      0x08002ba5   Thumb Code     4  stm32f10x_spi.o(.text)
    SPI_NSSInternalSoftwareConfig            0x08002ba9   Thumb Code    22  stm32f10x_spi.o(.text)
    SPI_SSOutputCmd                          0x08002bbf   Thumb Code    18  stm32f10x_spi.o(.text)
    SPI_DataSizeConfig                       0x08002bd1   Thumb Code    16  stm32f10x_spi.o(.text)
    SPI_TransmitCRC                          0x08002be1   Thumb Code    10  stm32f10x_spi.o(.text)
    SPI_CalculateCRC                         0x08002beb   Thumb Code    18  stm32f10x_spi.o(.text)
    SPI_GetCRC                               0x08002bfd   Thumb Code    10  stm32f10x_spi.o(.text)
    SPI_GetCRCPolynomial                     0x08002c07   Thumb Code     4  stm32f10x_spi.o(.text)
    SPI_BiDirectionalLineConfig              0x08002c0b   Thumb Code    20  stm32f10x_spi.o(.text)
    SPI_I2S_GetFlagStatus                    0x08002c1f   Thumb Code    14  stm32f10x_spi.o(.text)
    SPI_I2S_ClearFlag                        0x08002c2d   Thumb Code     6  stm32f10x_spi.o(.text)
    SPI_I2S_GetITStatus                      0x08002c33   Thumb Code    46  stm32f10x_spi.o(.text)
    SPI_I2S_ClearITPendingBit                0x08002c61   Thumb Code    16  stm32f10x_spi.o(.text)
    TIM_DeInit                               0x08002c75   Thumb Code   482  stm32f10x_tim.o(.text)
    TIM_TimeBaseInit                         0x08002e57   Thumb Code   148  stm32f10x_tim.o(.text)
    TIM_OC1Init                              0x08002eeb   Thumb Code   132  stm32f10x_tim.o(.text)
    TIM_OC2Init                              0x08002f6f   Thumb Code   138  stm32f10x_tim.o(.text)
    TIM_OC3Init                              0x08002ff9   Thumb Code   140  stm32f10x_tim.o(.text)
    TIM_OC4Init                              0x08003085   Thumb Code   104  stm32f10x_tim.o(.text)
    TIM_SetIC4Prescaler                      0x080030ed   Thumb Code    24  stm32f10x_tim.o(.text)
    TIM_SetIC3Prescaler                      0x08003105   Thumb Code    16  stm32f10x_tim.o(.text)
    TIM_SetIC2Prescaler                      0x08003115   Thumb Code    24  stm32f10x_tim.o(.text)
    TIM_SetIC1Prescaler                      0x0800312d   Thumb Code    16  stm32f10x_tim.o(.text)
    TIM_ICInit                               0x0800313d   Thumb Code   428  stm32f10x_tim.o(.text)
    TIM_PWMIConfig                           0x080032e9   Thumb Code   332  stm32f10x_tim.o(.text)
    TIM_BDTRConfig                           0x08003435   Thumb Code    36  stm32f10x_tim.o(.text)
    TIM_TimeBaseStructInit                   0x08003459   Thumb Code    18  stm32f10x_tim.o(.text)
    TIM_OCStructInit                         0x0800346b   Thumb Code    20  stm32f10x_tim.o(.text)
    TIM_ICStructInit                         0x0800347f   Thumb Code    16  stm32f10x_tim.o(.text)
    TIM_BDTRStructInit                       0x0800348f   Thumb Code    18  stm32f10x_tim.o(.text)
    TIM_Cmd                                  0x080034a1   Thumb Code    18  stm32f10x_tim.o(.text)
    TIM_CtrlPWMOutputs                       0x080034b3   Thumb Code    22  stm32f10x_tim.o(.text)
    TIM_ITConfig                             0x080034c9   Thumb Code    16  stm32f10x_tim.o(.text)
    TIM_GenerateEvent                        0x080034d9   Thumb Code     4  stm32f10x_tim.o(.text)
    TIM_DMAConfig                            0x080034dd   Thumb Code     8  stm32f10x_tim.o(.text)
    TIM_DMACmd                               0x080034e5   Thumb Code    16  stm32f10x_tim.o(.text)
    TIM_InternalClockConfig                  0x080034f5   Thumb Code    10  stm32f10x_tim.o(.text)
    TIM_SelectInputTrigger                   0x080034ff   Thumb Code    12  stm32f10x_tim.o(.text)
    TIM_ITRxExternalClockConfig              0x0800350b   Thumb Code    20  stm32f10x_tim.o(.text)
    TIM_TIxExternalClockConfig               0x0800351f   Thumb Code   158  stm32f10x_tim.o(.text)
    TIM_ETRConfig                            0x080035bd   Thumb Code    32  stm32f10x_tim.o(.text)
    TIM_ETRClockMode1Config                  0x080035dd   Thumb Code    40  stm32f10x_tim.o(.text)
    TIM_ETRClockMode2Config                  0x08003605   Thumb Code    40  stm32f10x_tim.o(.text)
    TIM_PrescalerConfig                      0x0800362d   Thumb Code     6  stm32f10x_tim.o(.text)
    TIM_CounterModeConfig                    0x08003633   Thumb Code    12  stm32f10x_tim.o(.text)
    TIM_EncoderInterfaceConfig               0x0800363f   Thumb Code    60  stm32f10x_tim.o(.text)
    TIM_ForcedOC1Config                      0x0800367b   Thumb Code    12  stm32f10x_tim.o(.text)
    TIM_ForcedOC2Config                      0x08003687   Thumb Code    20  stm32f10x_tim.o(.text)
    TIM_ForcedOC3Config                      0x0800369b   Thumb Code    12  stm32f10x_tim.o(.text)
    TIM_ForcedOC4Config                      0x080036a7   Thumb Code    20  stm32f10x_tim.o(.text)
    TIM_ARRPreloadConfig                     0x080036bb   Thumb Code    18  stm32f10x_tim.o(.text)
    TIM_SelectCOM                            0x080036cd   Thumb Code    18  stm32f10x_tim.o(.text)
    TIM_SelectCCDMA                          0x080036df   Thumb Code    18  stm32f10x_tim.o(.text)
    TIM_CCPreloadControl                     0x080036f1   Thumb Code    18  stm32f10x_tim.o(.text)
    TIM_OC1PreloadConfig                     0x08003703   Thumb Code    12  stm32f10x_tim.o(.text)
    TIM_OC2PreloadConfig                     0x0800370f   Thumb Code    20  stm32f10x_tim.o(.text)
    TIM_OC3PreloadConfig                     0x08003723   Thumb Code    12  stm32f10x_tim.o(.text)
    TIM_OC4PreloadConfig                     0x0800372f   Thumb Code    20  stm32f10x_tim.o(.text)
    TIM_OC1FastConfig                        0x08003743   Thumb Code    12  stm32f10x_tim.o(.text)
    TIM_OC2FastConfig                        0x0800374f   Thumb Code    20  stm32f10x_tim.o(.text)
    TIM_OC3FastConfig                        0x08003763   Thumb Code    12  stm32f10x_tim.o(.text)
    TIM_OC4FastConfig                        0x0800376f   Thumb Code    20  stm32f10x_tim.o(.text)
    TIM_ClearOC1Ref                          0x08003783   Thumb Code    12  stm32f10x_tim.o(.text)
    TIM_ClearOC2Ref                          0x0800378f   Thumb Code    20  stm32f10x_tim.o(.text)
    TIM_ClearOC3Ref                          0x080037a3   Thumb Code    12  stm32f10x_tim.o(.text)
    TIM_ClearOC4Ref                          0x080037af   Thumb Code    20  stm32f10x_tim.o(.text)
    TIM_OC1PolarityConfig                    0x080037c3   Thumb Code    12  stm32f10x_tim.o(.text)
    TIM_OC1NPolarityConfig                   0x080037cf   Thumb Code    12  stm32f10x_tim.o(.text)
    TIM_OC2PolarityConfig                    0x080037db   Thumb Code    20  stm32f10x_tim.o(.text)
    TIM_OC2NPolarityConfig                   0x080037ef   Thumb Code    20  stm32f10x_tim.o(.text)
    TIM_OC3PolarityConfig                    0x08003803   Thumb Code    20  stm32f10x_tim.o(.text)
    TIM_OC3NPolarityConfig                   0x08003817   Thumb Code    20  stm32f10x_tim.o(.text)
    TIM_OC4PolarityConfig                    0x0800382b   Thumb Code    20  stm32f10x_tim.o(.text)
    TIM_CCxCmd                               0x0800383f   Thumb Code    26  stm32f10x_tim.o(.text)
    TIM_CCxNCmd                              0x08003859   Thumb Code    26  stm32f10x_tim.o(.text)
    TIM_SelectOCxM                           0x08003873   Thumb Code    88  stm32f10x_tim.o(.text)
    TIM_UpdateDisableConfig                  0x080038cb   Thumb Code    18  stm32f10x_tim.o(.text)
    TIM_UpdateRequestConfig                  0x080038dd   Thumb Code    18  stm32f10x_tim.o(.text)
    TIM_SelectHallSensor                     0x080038ef   Thumb Code    18  stm32f10x_tim.o(.text)
    TIM_SelectOnePulseMode                   0x08003901   Thumb Code    16  stm32f10x_tim.o(.text)
    TIM_SelectOutputTrigger                  0x08003911   Thumb Code    16  stm32f10x_tim.o(.text)
    TIM_SelectSlaveMode                      0x08003921   Thumb Code    16  stm32f10x_tim.o(.text)
    TIM_SelectMasterSlaveMode                0x08003931   Thumb Code    16  stm32f10x_tim.o(.text)
    TIM_SetCounter                           0x08003941   Thumb Code     4  stm32f10x_tim.o(.text)
    TIM_SetAutoreload                        0x08003945   Thumb Code     4  stm32f10x_tim.o(.text)
    TIM_SetCompare1                          0x08003949   Thumb Code     4  stm32f10x_tim.o(.text)
    TIM_SetCompare2                          0x0800394d   Thumb Code     4  stm32f10x_tim.o(.text)
    TIM_SetCompare3                          0x08003951   Thumb Code     4  stm32f10x_tim.o(.text)
    TIM_SetCompare4                          0x08003955   Thumb Code     6  stm32f10x_tim.o(.text)
    TIM_SetClockDivision                     0x0800395b   Thumb Code    16  stm32f10x_tim.o(.text)
    TIM_GetCapture1                          0x0800396b   Thumb Code     4  stm32f10x_tim.o(.text)
    TIM_GetCapture2                          0x0800396f   Thumb Code     4  stm32f10x_tim.o(.text)
    TIM_GetCapture3                          0x08003973   Thumb Code     4  stm32f10x_tim.o(.text)
    TIM_GetCapture4                          0x08003977   Thumb Code     6  stm32f10x_tim.o(.text)
    TIM_GetCounter                           0x0800397d   Thumb Code     4  stm32f10x_tim.o(.text)
    TIM_GetPrescaler                         0x08003981   Thumb Code     4  stm32f10x_tim.o(.text)
    TIM_GetFlagStatus                        0x08003985   Thumb Code    14  stm32f10x_tim.o(.text)
    TIM_ClearFlag                            0x08003993   Thumb Code     6  stm32f10x_tim.o(.text)
    TIM_GetITStatus                          0x08003999   Thumb Code    22  stm32f10x_tim.o(.text)
    TIM_ClearITPendingBit                    0x080039af   Thumb Code     6  stm32f10x_tim.o(.text)
    Reset_Handler                            0x08003a3d   Thumb Code     8  startup_stm32f10x_hd.o(.text)
    ADC1_2_IRQHandler                        0x08003a57   Thumb Code     0  startup_stm32f10x_hd.o(.text)
    ADC3_IRQHandler                          0x08003a57   Thumb Code     0  startup_stm32f10x_hd.o(.text)
    CAN1_RX1_IRQHandler                      0x08003a57   Thumb Code     0  startup_stm32f10x_hd.o(.text)
    CAN1_SCE_IRQHandler                      0x08003a57   Thumb Code     0  startup_stm32f10x_hd.o(.text)
    DMA1_Channel1_IRQHandler                 0x08003a57   Thumb Code     0  startup_stm32f10x_hd.o(.text)
    DMA1_Channel2_IRQHandler                 0x08003a57   Thumb Code     0  startup_stm32f10x_hd.o(.text)
    DMA1_Channel3_IRQHandler                 0x08003a57   Thumb Code     0  startup_stm32f10x_hd.o(.text)
    DMA1_Channel4_IRQHandler                 0x08003a57   Thumb Code     0  startup_stm32f10x_hd.o(.text)
    DMA1_Channel5_IRQHandler                 0x08003a57   Thumb Code     0  startup_stm32f10x_hd.o(.text)
    DMA1_Channel6_IRQHandler                 0x08003a57   Thumb Code     0  startup_stm32f10x_hd.o(.text)
    DMA1_Channel7_IRQHandler                 0x08003a57   Thumb Code     0  startup_stm32f10x_hd.o(.text)
    DMA2_Channel1_IRQHandler                 0x08003a57   Thumb Code     0  startup_stm32f10x_hd.o(.text)
    DMA2_Channel2_IRQHandler                 0x08003a57   Thumb Code     0  startup_stm32f10x_hd.o(.text)
    DMA2_Channel4_5_IRQHandler               0x08003a57   Thumb Code     0  startup_stm32f10x_hd.o(.text)
    EXTI0_IRQHandler                         0x08003a57   Thumb Code     0  startup_stm32f10x_hd.o(.text)
    EXTI15_10_IRQHandler                     0x08003a57   Thumb Code     0  startup_stm32f10x_hd.o(.text)
    EXTI1_IRQHandler                         0x08003a57   Thumb Code     0  startup_stm32f10x_hd.o(.text)
    EXTI2_IRQHandler                         0x08003a57   Thumb Code     0  startup_stm32f10x_hd.o(.text)
    EXTI3_IRQHandler                         0x08003a57   Thumb Code     0  startup_stm32f10x_hd.o(.text)
    EXTI4_IRQHandler                         0x08003a57   Thumb Code     0  startup_stm32f10x_hd.o(.text)
    EXTI9_5_IRQHandler                       0x08003a57   Thumb Code     0  startup_stm32f10x_hd.o(.text)
    FLASH_IRQHandler                         0x08003a57   Thumb Code     0  startup_stm32f10x_hd.o(.text)
    FSMC_IRQHandler                          0x08003a57   Thumb Code     0  startup_stm32f10x_hd.o(.text)
    I2C1_ER_IRQHandler                       0x08003a57   Thumb Code     0  startup_stm32f10x_hd.o(.text)
    I2C1_EV_IRQHandler                       0x08003a57   Thumb Code     0  startup_stm32f10x_hd.o(.text)
    I2C2_ER_IRQHandler                       0x08003a57   Thumb Code     0  startup_stm32f10x_hd.o(.text)
    I2C2_EV_IRQHandler                       0x08003a57   Thumb Code     0  startup_stm32f10x_hd.o(.text)
    PVD_IRQHandler                           0x08003a57   Thumb Code     0  startup_stm32f10x_hd.o(.text)
    RCC_IRQHandler                           0x08003a57   Thumb Code     0  startup_stm32f10x_hd.o(.text)
    RTCAlarm_IRQHandler                      0x08003a57   Thumb Code     0  startup_stm32f10x_hd.o(.text)
    RTC_IRQHandler                           0x08003a57   Thumb Code     0  startup_stm32f10x_hd.o(.text)
    SDIO_IRQHandler                          0x08003a57   Thumb Code     0  startup_stm32f10x_hd.o(.text)
    SPI1_IRQHandler                          0x08003a57   Thumb Code     0  startup_stm32f10x_hd.o(.text)
    SPI2_IRQHandler                          0x08003a57   Thumb Code     0  startup_stm32f10x_hd.o(.text)
    SPI3_IRQHandler                          0x08003a57   Thumb Code     0  startup_stm32f10x_hd.o(.text)
    TAMPER_IRQHandler                        0x08003a57   Thumb Code     0  startup_stm32f10x_hd.o(.text)
    TIM1_BRK_IRQHandler                      0x08003a57   Thumb Code     0  startup_stm32f10x_hd.o(.text)
    TIM1_CC_IRQHandler                       0x08003a57   Thumb Code     0  startup_stm32f10x_hd.o(.text)
    TIM1_TRG_COM_IRQHandler                  0x08003a57   Thumb Code     0  startup_stm32f10x_hd.o(.text)
    TIM1_UP_IRQHandler                       0x08003a57   Thumb Code     0  startup_stm32f10x_hd.o(.text)
    TIM2_IRQHandler                          0x08003a57   Thumb Code     0  startup_stm32f10x_hd.o(.text)
    TIM3_IRQHandler                          0x08003a57   Thumb Code     0  startup_stm32f10x_hd.o(.text)
    TIM4_IRQHandler                          0x08003a57   Thumb Code     0  startup_stm32f10x_hd.o(.text)
    TIM5_IRQHandler                          0x08003a57   Thumb Code     0  startup_stm32f10x_hd.o(.text)
    TIM6_IRQHandler                          0x08003a57   Thumb Code     0  startup_stm32f10x_hd.o(.text)
    TIM7_IRQHandler                          0x08003a57   Thumb Code     0  startup_stm32f10x_hd.o(.text)
    TIM8_BRK_IRQHandler                      0x08003a57   Thumb Code     0  startup_stm32f10x_hd.o(.text)
    TIM8_CC_IRQHandler                       0x08003a57   Thumb Code     0  startup_stm32f10x_hd.o(.text)
    TIM8_TRG_COM_IRQHandler                  0x08003a57   Thumb Code     0  startup_stm32f10x_hd.o(.text)
    TIM8_UP_IRQHandler                       0x08003a57   Thumb Code     0  startup_stm32f10x_hd.o(.text)
    UART4_IRQHandler                         0x08003a57   Thumb Code     0  startup_stm32f10x_hd.o(.text)
    UART5_IRQHandler                         0x08003a57   Thumb Code     0  startup_stm32f10x_hd.o(.text)
    USART1_IRQHandler                        0x08003a57   Thumb Code     0  startup_stm32f10x_hd.o(.text)
    USART2_IRQHandler                        0x08003a57   Thumb Code     0  startup_stm32f10x_hd.o(.text)
    USART3_IRQHandler                        0x08003a57   Thumb Code     0  startup_stm32f10x_hd.o(.text)
    USBWakeUp_IRQHandler                     0x08003a57   Thumb Code     0  startup_stm32f10x_hd.o(.text)
    USB_HP_CAN1_TX_IRQHandler                0x08003a57   Thumb Code     0  startup_stm32f10x_hd.o(.text)
    USB_LP_CAN1_RX0_IRQHandler               0x08003a57   Thumb Code     0  startup_stm32f10x_hd.o(.text)
    WWDG_IRQHandler                          0x08003a57   Thumb Code     0  startup_stm32f10x_hd.o(.text)
    SystemInit                               0x08003a61   Thumb Code   222  system_stm32f10x.o(.text)
    SystemCoreClockUpdate                    0x08003b3f   Thumb Code    90  system_stm32f10x.o(.text)
    __aeabi_memset                           0x08003bb9   Thumb Code    14  memseta.o(.text)
    __aeabi_memset4                          0x08003bb9   Thumb Code     0  memseta.o(.text)
    __aeabi_memset8                          0x08003bb9   Thumb Code     0  memseta.o(.text)
    __aeabi_memclr                           0x08003bc7   Thumb Code     4  memseta.o(.text)
    __aeabi_memclr4                          0x08003bc7   Thumb Code     0  memseta.o(.text)
    __aeabi_memclr8                          0x08003bc7   Thumb Code     0  memseta.o(.text)
    _memset$wrapper                          0x08003bcb   Thumb Code    18  memseta.o(.text)
    __aeabi_dadd                             0x08003bdd   Thumb Code   322  dadd.o(.text)
    __aeabi_dsub                             0x08003d1f   Thumb Code     6  dadd.o(.text)
    __aeabi_drsub                            0x08003d25   Thumb Code     6  dadd.o(.text)
    __aeabi_dmul                             0x08003d2b   Thumb Code   228  dmul.o(.text)
    __aeabi_ddiv                             0x08003e0f   Thumb Code   222  ddiv.o(.text)
    __ARM_scalbn                             0x08003eed   Thumb Code    46  dscalb.o(.text)
    scalbn                                   0x08003eed   Thumb Code     0  dscalb.o(.text)
    __aeabi_i2d                              0x08003f1b   Thumb Code    34  dflti.o(.text)
    __aeabi_ui2d                             0x08003f3d   Thumb Code    26  dfltui.o(.text)
    __aeabi_d2iz                             0x08003f57   Thumb Code    62  dfixi.o(.text)
    __aeabi_llsl                             0x08003f95   Thumb Code    30  llshl.o(.text)
    _ll_shift_l                              0x08003f95   Thumb Code     0  llshl.o(.text)
    __aeabi_llsr                             0x08003fb3   Thumb Code    32  llushr.o(.text)
    _ll_ushift_r                             0x08003fb3   Thumb Code     0  llushr.o(.text)
    __aeabi_lasr                             0x08003fd3   Thumb Code    36  llsshr.o(.text)
    _ll_sshift_r                             0x08003fd3   Thumb Code     0  llsshr.o(.text)
    __I$use$fp                               0x08003ff7   Thumb Code     0  iusefp.o(.text)
    _double_round                            0x08003ff7   Thumb Code    30  depilogue.o(.text)
    _double_epilogue                         0x08004015   Thumb Code   156  depilogue.o(.text)
    __scatterload                            0x080040b1   Thumb Code    28  init.o(.text)
    __scatterload_rt2                        0x080040b1   Thumb Code     0  init.o(.text)
    __ARM_fpclassify                         0x080040d5   Thumb Code    40  fpclassify.o(i.__ARM_fpclassify)
    __ieee754_rem_pio2                       0x080040fd   Thumb Code   828  rred.o(i.__ieee754_rem_pio2)
    __kernel_cos                             0x08004485   Thumb Code   230  cos_i.o(i.__kernel_cos)
    __kernel_poly                            0x08004581   Thumb Code   170  poly.o(i.__kernel_poly)
    __kernel_sin                             0x0800462d   Thumb Code   224  sin_i.o(i.__kernel_sin)
    __mathlib_dbl_infnan                     0x08004719   Thumb Code     6  dunder.o(i.__mathlib_dbl_infnan)
    __mathlib_dbl_invalid                    0x0800471f   Thumb Code    12  dunder.o(i.__mathlib_dbl_invalid)
    __mathlib_dbl_underflow                  0x0800472d   Thumb Code    10  dunder.o(i.__mathlib_dbl_underflow)
    __scatterload_copy                       0x0800473d   Thumb Code    14  handlers.o(i.__scatterload_copy)
    __scatterload_null                       0x0800474b   Thumb Code     2  handlers.o(i.__scatterload_null)
    __scatterload_zeroinit                   0x0800474d   Thumb Code    14  handlers.o(i.__scatterload_zeroinit)
    __set_errno                              0x0800475d   Thumb Code     6  errno.o(i.__set_errno)
    sin                                      0x08004769   Thumb Code   150  sin.o(i.sin)
    TuneStep                                 0x08004808   Data         164  composer.o(.constdata)
    asc16                                    0x080048ac   Data        1521  lcd.o(.constdata)
    KeyProp                                  0x08004ea0   Data          36  keydisp.o(.constdata)
    Decoration                               0x08004ec4   Data          64  keydisp.o(.constdata)
    Carry                                    0x08004f04   Data         216  auto.o(.constdata)
    Farewell                                 0x08004fdc   Data         122  auto.o(.constdata)
    Represent                                0x08005056   Data         326  auto.o(.constdata)
    BlueGeniue                               0x0800519c   Data         283  auto.o(.constdata)
    BadApple                                 0x080052b7   Data        1268  auto.o(.constdata)
    _9981                                    0x080057ab   Data        2506  auto.o(.constdata)
    Test                                     0x08006175   Data          93  auto.o(.constdata)
    SongList                                 0x080061d4   Data          96  auto.o(.constdata)
    WaveList                                 0x08006234   Data          72  wavesel.o(.constdata)
    Region$$Table$$Base                      0x08006420   Number         0  anon$$obj.o(Region$$Table)
    Region$$Table$$Limit                     0x08006440   Number         0  anon$$obj.o(Region$$Table)
    ActiveCount                              0x20000000   Data           1  composer.o(.data)
    Vol8                                     0x20000001   Data           1  composer.o(.data)
    WaveType                                 0x20000002   Data           1  composer.o(.data)
    Volume                                   0x20000004   Data           2  composer.o(.data)
    Last                                     0x2000000c   Data           1  scriptphase.o(.data)
    Rise                                     0x2000000d   Data           1  scriptphase.o(.data)
    CRaise                                   0x2000000e   Data           1  scriptphase.o(.data)
    Delayed                                  0x2000000f   Data           1  scriptphase.o(.data)
    BaseTone                                 0x20000010   Data           1  scriptphase.o(.data)
    Script                                   0x20000014   Data           4  scriptphase.o(.data)
    Counter                                  0x20000018   Data           4  scriptphase.o(.data)
    Ticks                                    0x2000001c   Data           4  systick.o(.data)
    SystemCoreClock                          0x20000034   Data           4  system_stm32f10x.o(.data)
    AHBPrescTable                            0x20000038   Data          16  system_stm32f10x.o(.data)
    WaveTable                                0x2000004c   Data         800  composer.o(.bss)
    Buffer                                   0x2000036c   Data        2560  composer.o(.bss)
    Tunes                                    0x20000d6c   Data          41  composer.o(.bss)
    TuneCounter                              0x20000d98   Data         164  composer.o(.bss)
    Jumps                                    0x20000e3c   Data          40  scriptphase.o(.bss)
    KeyVals                                  0x20000e64   Data          36  keyscan.o(.bss)
    LastState                                0x20000e88   Data          36  keydisp.o(.bss)
    __initial_sp                             0x200012b0   Data           0  startup_stm32f10x_hd.o(STACK)



==============================================================================

Memory Map of the image

  Image Entry point : 0x08000131

  Load Region LR_IROM1 (Base: 0x08000000, Size: 0x0000648c, Max: 0x00040000, ABSOLUTE)

    Execution Region ER_IROM1 (Base: 0x08000000, Size: 0x00006440, Max: 0x00040000, ABSOLUTE)

    Base Addr    Size         Type   Attr      Idx    E Section Name        Object

    0x08000000   0x00000130   Data   RO          655    RESET               startup_stm32f10x_hd.o
    0x08000130   0x00000000   Code   RO          698  * .ARM.Collect$$$$00000000  mc_w.l(entry.o)
    0x08000130   0x00000004   Code   RO          745    .ARM.Collect$$$$00000001  mc_w.l(entry2.o)
    0x08000134   0x00000004   Code   RO          748    .ARM.Collect$$$$00000004  mc_w.l(entry5.o)
    0x08000138   0x00000000   Code   RO          750    .ARM.Collect$$$$00000008  mc_w.l(entry7b.o)
    0x08000138   0x00000000   Code   RO          752    .ARM.Collect$$$$0000000A  mc_w.l(entry8b.o)
    0x08000138   0x00000008   Code   RO          753    .ARM.Collect$$$$0000000B  mc_w.l(entry9a.o)
    0x08000140   0x00000000   Code   RO          755    .ARM.Collect$$$$0000000D  mc_w.l(entry10a.o)
    0x08000140   0x00000000   Code   RO          757    .ARM.Collect$$$$0000000F  mc_w.l(entry11a.o)
    0x08000140   0x00000004   Code   RO          746    .ARM.Collect$$$$00002712  mc_w.l(entry2.o)
    0x08000144   0x000006f0   Code   RO            4    .text               composer.o
    0x08000834   0x00000054   Code   RO           94    .text               delay.o
    0x08000888   0x0000093c   Code   RO          119    .text               lcd.o
    0x080011c4   0x000001f4   Code   RO          151    .text               main.o
    0x080013b8   0x00000228   Code   RO          175    .text               scriptphase.o
    0x080015e0   0x000000d4   Code   RO          210    .text               stm32f10x_it.o
    0x080016b4   0x00000058   Code   RO          238    .text               systick.o
    0x0800170c   0x00000190   Code   RO          272    .text               specialkeyscan.o
    0x0800189c   0x0000012c   Code   RO          297    .text               keyscan.o
    0x080019c8   0x000002fc   Code   RO          324    .text               keydisp.o
    0x08001cc4   0x0000009c   Code   RO          356    .text               voldisp.o
    0x08001d60   0x00000198   Code   RO          380    .text               auto.o
    0x08001ef8   0x00000140   Code   RO          418    .text               menu.o
    0x08002038   0x0000002c   Code   RO          442    .text               wavesel.o
    0x08002064   0x000000c4   Code   RO          470    .text               misc.o
    0x08002128   0x00000128   Code   RO          508    .text               stm32f10x_dac.o
    0x08002250   0x000001f4   Code   RO          532    .text               stm32f10x_dma.o
    0x08002444   0x000002a8   Code   RO          556    .text               stm32f10x_gpio.o
    0x080026ec   0x000002e0   Code   RO          580    .text               stm32f10x_rcc.o
    0x080029cc   0x000002a8   Code   RO          607    .text               stm32f10x_spi.o
    0x08002c74   0x00000dc8   Code   RO          631    .text               stm32f10x_tim.o
    0x08003a3c   0x00000024   Code   RO          656    .text               startup_stm32f10x_hd.o
    0x08003a60   0x00000158   Code   RO          663    .text               system_stm32f10x.o
    0x08003bb8   0x00000024   Code   RO          701    .text               mc_w.l(memseta.o)
    0x08003bdc   0x0000014e   Code   RO          703    .text               mf_w.l(dadd.o)
    0x08003d2a   0x000000e4   Code   RO          705    .text               mf_w.l(dmul.o)
    0x08003e0e   0x000000de   Code   RO          707    .text               mf_w.l(ddiv.o)
    0x08003eec   0x0000002e   Code   RO          709    .text               mf_w.l(dscalb.o)
    0x08003f1a   0x00000022   Code   RO          711    .text               mf_w.l(dflti.o)
    0x08003f3c   0x0000001a   Code   RO          713    .text               mf_w.l(dfltui.o)
    0x08003f56   0x0000003e   Code   RO          715    .text               mf_w.l(dfixi.o)
    0x08003f94   0x0000001e   Code   RO          759    .text               mc_w.l(llshl.o)
    0x08003fb2   0x00000020   Code   RO          761    .text               mc_w.l(llushr.o)
    0x08003fd2   0x00000024   Code   RO          763    .text               mc_w.l(llsshr.o)
    0x08003ff6   0x00000000   Code   RO          772    .text               mc_w.l(iusefp.o)
    0x08003ff6   0x000000ba   Code   RO          773    .text               mf_w.l(depilogue.o)
    0x080040b0   0x00000024   Code   RO          779    .text               mc_w.l(init.o)
    0x080040d4   0x00000028   Code   RO          775    i.__ARM_fpclassify  m_ws.l(fpclassify.o)
    0x080040fc   0x00000388   Code   RO          734    i.__ieee754_rem_pio2  m_ws.l(rred.o)
    0x08004484   0x000000fc   Code   RO          717    i.__kernel_cos      m_ws.l(cos_i.o)
    0x08004580   0x000000aa   Code   RO          777    i.__kernel_poly     m_ws.l(poly.o)
    0x0800462a   0x00000002   PAD
    0x0800462c   0x000000ec   Code   RO          739    i.__kernel_sin      m_ws.l(sin_i.o)
    0x08004718   0x00000006   Code   RO          721    i.__mathlib_dbl_infnan  m_ws.l(dunder.o)
    0x0800471e   0x0000000c   Code   RO          723    i.__mathlib_dbl_invalid  m_ws.l(dunder.o)
    0x0800472a   0x00000002   PAD
    0x0800472c   0x00000010   Code   RO          726    i.__mathlib_dbl_underflow  m_ws.l(dunder.o)
    0x0800473c   0x0000000e   Code   RO          783    i.__scatterload_copy  mc_w.l(handlers.o)
    0x0800474a   0x00000002   Code   RO          784    i.__scatterload_null  mc_w.l(handlers.o)
    0x0800474c   0x0000000e   Code   RO          785    i.__scatterload_zeroinit  mc_w.l(handlers.o)
    0x0800475a   0x00000002   PAD
    0x0800475c   0x0000000c   Code   RO          767    i.__set_errno       mc_w.l(errno.o)
    0x08004768   0x000000a0   Code   RO          691    i.sin               m_ws.l(sin.o)
    0x08004808   0x000000a4   Data   RO            6    .constdata          composer.o
    0x080048ac   0x000005f1   Data   RO          120    .constdata          lcd.o
    0x08004e9d   0x00000003   PAD
    0x08004ea0   0x00000064   Data   RO          329    .constdata          keydisp.o
    0x08004f04   0x000000d8   Data   RO          381    .constdata          auto.o
    0x08004fdc   0x0000007a   Data   RO          382    .constdata          auto.o
    0x08005056   0x00000146   Data   RO          383    .constdata          auto.o
    0x0800519c   0x0000011b   Data   RO          384    .constdata          auto.o
    0x080052b7   0x000004f4   Data   RO          385    .constdata          auto.o
    0x080057ab   0x000009ca   Data   RO          386    .constdata          auto.o
    0x08006175   0x0000005d   Data   RO          387    .constdata          auto.o
    0x080061d2   0x00000002   PAD
    0x080061d4   0x00000060   Data   RO          388    .constdata          auto.o
    0x08006234   0x00000048   Data   RO          443    .constdata          wavesel.o
    0x0800627c   0x00000004   PAD
    0x08006280   0x00000030   Data   RO          718    .constdata          m_ws.l(cos_i.o)
    0x080062b0   0x000000c8   Data   RO          736    .constdata          m_ws.l(rred.o)
    0x08006378   0x00000028   Data   RO          740    .constdata          m_ws.l(sin_i.o)
    0x080063a0   0x00000051   Data   RO          389    .conststring        auto.o
    0x080063f1   0x00000003   PAD
    0x080063f4   0x00000029   Data   RO          444    .conststring        wavesel.o
    0x0800641d   0x00000003   PAD
    0x08006420   0x00000020   Data   RO          781    Region$$Table       anon$$obj.o


    Execution Region RW_IRAM1 (Base: 0x20000000, Size: 0x000012b0, Max: 0x0000c000, ABSOLUTE)

    Base Addr    Size         Type   Attr      Idx    E Section Name        Object

    0x20000000   0x00000006   Data   RW            7    .data               composer.o
    0x20000006   0x00000002   PAD
    0x20000008   0x00000004   Data   RW           95    .data               delay.o
    0x2000000c   0x00000010   Data   RW          177    .data               scriptphase.o
    0x2000001c   0x00000004   Data   RW          239    .data               systick.o
    0x20000020   0x00000014   Data   RW          581    .data               stm32f10x_rcc.o
    0x20000034   0x00000014   Data   RW          664    .data               system_stm32f10x.o
    0x20000048   0x00000004   Data   RW          768    .data               mc_w.l(errno.o)
    0x2000004c   0x00000df0   Zero   RW            5    .bss                composer.o
    0x20000e3c   0x00000028   Zero   RW          176    .bss                scriptphase.o
    0x20000e64   0x00000024   Zero   RW          298    .bss                keyscan.o
    0x20000e88   0x00000024   Zero   RW          325    .bss                keydisp.o
    0x20000eac   0x00000004   PAD
    0x20000eb0   0x00000400   Zero   RW          653    STACK               startup_stm32f10x_hd.o


==============================================================================

Image component sizes


      Code (inc. data)   RO Data    RW Data    ZI Data      Debug   Object Name

       408         74       4991          0          0       2250   auto.o
      1776        108        164          6       3568     276455   composer.o
        84          6          0          4          0        820   delay.o
       764         30        100          0         36       3568   keydisp.o
       300         30          0          0         36       1519   keyscan.o
      2364         32       1521          0          0       8036   lcd.o
       500        108          0          0          0       1243   main.o
       320          0          0          0          0       1724   menu.o
       196         14          0          0          0     207093   misc.o
       552         10          0         16         40       3083   scriptphase.o
       400         12          0          0          0       1857   specialkeyscan.o
        36          8        304          0       1024        788   startup_stm32f10x_hd.o
       296          8          0          0          0       3854   stm32f10x_dac.o
       500         60          0          0          0       4742   stm32f10x_dma.o
       680          8          0          0          0       6249   stm32f10x_gpio.o
       212         18          0          0          0      26714   stm32f10x_it.o
       736         42          0         20          0       9302   stm32f10x_rcc.o
       680          4          0          0          0       6922   stm32f10x_spi.o
      3528         32          0          0          0      25494   stm32f10x_tim.o
       344         32          0         20          0       1755   system_stm32f10x.o
        88         12          0          4          0      26588   systick.o
       156          8          0          0          0        446   voldisp.o
        44          4        113          0          0       1045   wavesel.o

    ----------------------------------------------------------------------
     14964        660       7240         72       4708     621547   Object Totals
         0          0         32          0          0          0   (incl. Generated)
         0          0         15          2          4          0   (incl. Padding)

    ----------------------------------------------------------------------

      Code (inc. data)   RO Data    RW Data    ZI Data      Debug   Library Member Name

       252         22         48          0          0        124   cos_i.o
        34          6          0          0          0        204   dunder.o
        40          0          0          0          0         68   fpclassify.o
       170          0          0          0          0         96   poly.o
       904         76        200          0          0        140   rred.o
       160         10          0          0          0        108   sin.o
       236         12         40          0          0        128   sin_i.o
         0          0          0          0          0          0   entry.o
         0          0          0          0          0          0   entry10a.o
         0          0          0          0          0          0   entry11a.o
         8          4          0          0          0          0   entry2.o
         4          0          0          0          0          0   entry5.o
         0          0          0          0          0          0   entry7b.o
         0          0          0          0          0          0   entry8b.o
         8          4          0          0          0          0   entry9a.o
        12          6          0          4          0         68   errno.o
        30          0          0          0          0          0   handlers.o
        36          8          0          0          0         68   init.o
         0          0          0          0          0          0   iusefp.o
        30          0          0          0          0         68   llshl.o
        36          0          0          0          0         68   llsshr.o
        32          0          0          0          0         68   llushr.o
        36          0          0          0          0        108   memseta.o
       334          0          0          0          0        148   dadd.o
       222          0          0          0          0        100   ddiv.o
       186          0          0          0          0        176   depilogue.o
        62          0          0          0          0         80   dfixi.o
        34          0          0          0          0         76   dflti.o
        26          0          0          0          0         76   dfltui.o
       228          0          0          0          0         96   dmul.o
        46          0          0          0          0         80   dscalb.o

    ----------------------------------------------------------------------
      3172        148        288          4          0       2148   Library Totals
         6          0          0          0          0          0   (incl. Padding)

    ----------------------------------------------------------------------

      Code (inc. data)   RO Data    RW Data    ZI Data      Debug   Library Name

      1796        126        288          0          0        868   m_ws.l
       232         22          0          4          0        448   mc_w.l
      1138          0          0          0          0        832   mf_w.l

    ----------------------------------------------------------------------
      3172        148        288          4          0       2148   Library Totals

    ----------------------------------------------------------------------

==============================================================================


      Code (inc. data)   RO Data    RW Data    ZI Data      Debug   

     18136        808       7528         76       4708     620103   Grand Totals
     18136        808       7528         76       4708     620103   ELF Image Totals
     18136        808       7528         76          0          0   ROM Totals

==============================================================================

    Total RO  Size (Code + RO Data)                25664 (  25.06kB)
    Total RW  Size (RW Data + ZI Data)              4784 (   4.67kB)
    Total ROM Size (Code + RO Data + RW Data)      25740 (  25.14kB)

==============================================================================

